2026-09-25 17:12:55,807 INFO experiment p3_locality_cap100, 50000 S1 vs full targets, run 1, rules ['exact_name', 'exact_address', 'numeric', 'name_prefix', 'address_prefix', 'name_ngram', 'name_phonetic', 'address_token', 'house_locality', 'postal_locality', 'state_locality', 'address_signature']
2026-09-25 17:12:55,827 INFO [train_load_s1_gt] start
2026-09-25 17:13:03,775 INFO [train_load_s1_gt] 7.9s
2026-09-25 17:13:03,775 INFO [train_normalize_s1] start
2026-09-25 17:13:10,281 INFO [train_normalize_s1] 6.5s
2026-09-25 17:13:10,978 INFO [train_load_s2] start
2026-09-25 17:13:21,472 INFO [train_load_s2] 10.5s
2026-09-25 17:13:21,472 INFO [train_normalize_s2] start
2026-09-25 17:15:34,809 INFO [train_normalize_s2] 133.3s
2026-09-25 17:15:37,469 INFO [train_candidates_s2] start
2026-09-25 17:15:37,469 INFO [train_index_s2] start
2026-09-25 17:21:44,226 INFO   exact_name: 5151503 target keys, 1400 skipped (> 100 records)
2026-09-25 17:21:44,364 INFO   exact_address: 3695797 target keys, 0 skipped (> 100 records)
2026-09-25 17:21:44,615 INFO   numeric: 2473309 target keys, 540 skipped (> 100 records)
2026-09-25 17:21:44,903 INFO   name_prefix: 1033272 target keys, 3982 skipped (> 100 records)
2026-09-25 17:21:45,195 INFO   address_prefix: 3500417 target keys, 144 skipped (> 100 records)
2026-09-25 17:21:45,609 INFO   name_ngram: 163239 target keys, 7807 skipped (> 100 records)
2026-09-25 17:21:45,895 INFO   name_phonetic: 2507868 target keys, 2213 skipped (> 100 records)
2026-09-25 17:21:46,349 INFO   address_token: 322995 target keys, 12331 skipped (> 100 records)
2026-09-25 17:21:46,800 INFO   house_locality: 4805127 target keys, 167 skipped (> 100 records)
2026-09-25 17:21:46,804 INFO   postal_locality: 34148 target keys, 0 skipped (> 100 records)
2026-09-25 17:21:47,298 INFO   state_locality: 656716 target keys, 12502 skipped (> 100 records)
2026-09-25 17:21:47,466 INFO   address_signature: 921817 target keys, 334 skipped (> 100 records)
2026-09-25 17:21:47,512 INFO [train_index_s2] 370.0s
2026-09-25 17:22:11,885 INFO [train_candidates_s2] 394.4s
2026-09-25 17:22:11,885 INFO s2: recall 0.9538, 3108429 pairs, mean 62.2 per S1
2026-09-25 17:22:11,886 INFO [train_features_s2] start
2026-09-25 17:23:03,220 INFO [train_features_s2] 51.3s
2026-09-25 17:23:07,098 INFO [train_load_s3] start
2026-09-25 17:23:18,232 INFO [train_load_s3] 11.1s
2026-09-25 17:23:18,232 INFO [train_normalize_s3] start
2026-09-25 17:25:39,478 INFO [train_normalize_s3] 141.2s
2026-09-25 17:25:42,305 INFO [train_candidates_s3] start
2026-09-25 17:25:42,305 INFO [train_index_s3] start
2026-09-25 17:31:47,447 INFO   exact_name: 5571652 target keys, 1438 skipped (> 100 records)
2026-09-25 17:31:47,580 INFO   exact_address: 3899104 target keys, 0 skipped (> 100 records)
2026-09-25 17:31:47,863 INFO   numeric: 2541045 target keys, 623 skipped (> 100 records)
2026-09-25 17:31:48,154 INFO   name_prefix: 1066910 target keys, 4195 skipped (> 100 records)
2026-09-25 17:31:48,423 INFO   address_prefix: 3620678 target keys, 277 skipped (> 100 records)
2026-09-25 17:31:48,850 INFO   name_ngram: 178079 target keys, 8072 skipped (> 100 records)
2026-09-25 17:31:49,146 INFO   name_phonetic: 2710944 target keys, 2058 skipped (> 100 records)
2026-09-25 17:31:49,607 INFO   address_token: 301713 target keys, 11968 skipped (> 100 records)
2026-09-25 17:31:50,104 INFO   house_locality: 4808309 target keys, 650 skipped (> 100 records)
2026-09-25 17:31:50,111 INFO   postal_locality: 40578 target keys, 0 skipped (> 100 records)
2026-09-25 17:31:50,598 INFO   state_locality: 631019 target keys, 12457 skipped (> 100 records)
2026-09-25 17:31:50,769 INFO   address_signature: 859799 target keys, 599 skipped (> 100 records)
2026-09-25 17:31:50,811 INFO [train_index_s3] 368.5s
2026-09-25 17:32:15,600 INFO [train_candidates_s3] 393.3s
2026-09-25 17:32:15,600 INFO s3: recall 0.9513, 3118354 pairs, mean 62.4 per S1
2026-09-25 17:32:15,600 INFO [train_features_s3] start
2026-09-25 17:33:05,345 INFO [train_features_s3] 49.7s
2026-09-25 17:33:43,168 INFO [train_model] start
2026-09-25 17:34:01,278 INFO [train_model] 18.1s
2026-09-25 17:34:01,770 INFO [scoring] start
2026-09-25 17:34:06,148 INFO [scoring] 4.4s
2026-09-25 17:34:09,324 INFO [threshold_sweep] start
2026-09-25 17:34:09,962 INFO [threshold_sweep] 0.6s
2026-09-25 17:34:14,766 INFO [error_analysis] start
2026-09-25 17:34:51,197 INFO [error_analysis] 36.4s
2026-09-25 17:34:51,525 INFO [output] start
2026-09-25 17:35:02,525 INFO [output] 11.0s
2026-09-25 17:35:02,525 INFO [validator] start
2026-09-25 17:35:14,068 INFO [validator] 11.5s
