2026-09-25 23:42:27,995 INFO [test_load_s1] start
2026-09-25 23:42:31,581 INFO [test_load_s1] 3.6s
2026-09-25 23:42:31,581 INFO [test_normalize_s1] start
2026-09-25 23:43:16,974 INFO [test_normalize_s1] 45.4s
2026-09-25 23:43:17,082 INFO [test_load_s2] start
2026-09-25 23:43:26,789 INFO [test_load_s2] 9.7s
2026-09-25 23:43:26,789 INFO [test_normalize_s2] start
2026-09-25 23:45:28,645 INFO [test_normalize_s2] 121.9s
2026-09-25 23:45:28,645 INFO [test_candidates_features_scores_s2] start
2026-09-25 23:52:15,712 INFO   exact_name: 5387393 target keys, 929 skipped (> 100 records)
2026-09-25 23:52:15,915 INFO   exact_address: 3568865 target keys, 1 skipped (> 100 records)
2026-09-25 23:52:16,196 INFO   numeric: 2050179 target keys, 1299 skipped (> 100 records)
2026-09-25 23:52:16,471 INFO   name_prefix: 1017610 target keys, 3831 skipped (> 100 records)
2026-09-25 23:52:16,744 INFO   address_prefix: 3298694 target keys, 157 skipped (> 100 records)
2026-09-25 23:52:17,153 INFO   name_ngram: 181165 target keys, 7860 skipped (> 100 records)
2026-09-25 23:52:17,427 INFO   name_phonetic: 2539990 target keys, 2025 skipped (> 100 records)
2026-09-25 23:52:17,866 INFO   address_token: 373008 target keys, 13215 skipped (> 100 records)
2026-09-25 23:52:18,305 INFO   house_locality: 4292487 target keys, 1387 skipped (> 100 records)
2026-09-25 23:52:18,696 INFO   state_locality: 613884 target keys, 10572 skipped (> 100 records)
2026-09-25 23:52:18,861 INFO   address_signature: 888001 target keys, 405 skipped (> 100 records)
2026-09-25 23:53:13,436 INFO   s2 S1 0-25000: 1572892 candidates
2026-09-25 23:54:01,357 INFO   s2 S1 25000-50000: 1564616 candidates
2026-09-25 23:54:46,605 INFO   s2 S1 50000-75000: 1578275 candidates
2026-09-25 23:55:32,155 INFO   s2 S1 75000-100000: 1575141 candidates
2026-09-25 23:56:16,480 INFO   s2 S1 100000-125000: 1561994 candidates
2026-09-25 23:57:01,479 INFO   s2 S1 125000-150000: 1571598 candidates
2026-09-25 23:57:46,144 INFO   s2 S1 150000-175000: 1563231 candidates
2026-09-25 23:58:30,976 INFO   s2 S1 175000-200000: 1570325 candidates
2026-09-25 23:59:15,726 INFO   s2 S1 200000-225000: 1575514 candidates
2026-09-26 00:00:00,674 INFO   s2 S1 225000-250000: 1568551 candidates
2026-09-26 00:00:48,929 INFO   s2 S1 250000-275000: 1569605 candidates
2026-09-26 00:01:34,071 INFO   s2 S1 275000-300000: 1559030 candidates
2026-09-26 00:02:18,743 INFO   s2 S1 300000-325000: 1572592 candidates
2026-09-26 00:03:03,470 INFO   s2 S1 325000-350000: 1560701 candidates
2026-09-26 00:03:48,152 INFO   s2 S1 350000-375000: 1570038 candidates
2026-09-26 00:04:32,977 INFO   s2 S1 375000-400000: 1554731 candidates
2026-09-26 00:05:17,251 INFO   s2 S1 400000-425000: 1572583 candidates
2026-09-26 00:06:02,374 INFO   s2 S1 425000-450000: 1582343 candidates
2026-09-26 00:06:47,347 INFO   s2 S1 450000-475000: 1573631 candidates
2026-09-26 00:07:34,118 INFO   s2 S1 475000-500000: 1573891 candidates
2026-09-26 00:08:18,945 INFO   s2 S1 500000-525000: 1576066 candidates
2026-09-26 00:09:04,118 INFO   s2 S1 525000-550000: 1561596 candidates
2026-09-26 00:09:49,167 INFO   s2 S1 550000-575000: 1561557 candidates
2026-09-26 00:10:33,750 INFO   s2 S1 575000-600000: 1569744 candidates
2026-09-26 00:11:19,609 INFO   s2 S1 600000-625000: 1567946 candidates
2026-09-26 00:12:04,001 INFO   s2 S1 625000-650000: 1568849 candidates
2026-09-26 00:12:49,099 INFO   s2 S1 650000-675000: 1563475 candidates
2026-09-26 00:13:33,937 INFO   s2 S1 675000-700000: 1567128 candidates
2026-09-26 00:14:19,404 INFO   s2 S1 700000-725000: 1574029 candidates
2026-09-26 00:15:04,047 INFO   s2 S1 725000-750000: 1571082 candidates
2026-09-26 00:15:49,091 INFO   s2 S1 750000-775000: 1568781 candidates
2026-09-26 00:16:33,967 INFO   s2 S1 775000-800000: 1579109 candidates
2026-09-26 00:17:19,054 INFO   s2 S1 800000-825000: 1575881 candidates
2026-09-26 00:18:03,590 INFO   s2 S1 825000-850000: 1561827 candidates
2026-09-26 00:18:48,590 INFO   s2 S1 850000-875000: 1566419 candidates
2026-09-26 00:19:35,314 INFO   s2 S1 875000-900000: 1563448 candidates
2026-09-26 00:20:21,755 INFO   s2 S1 900000-925000: 1558878 candidates
2026-09-26 00:21:08,149 INFO   s2 S1 925000-950000: 1569297 candidates
2026-09-26 00:21:54,252 INFO   s2 S1 950000-975000: 1575423 candidates
2026-09-26 00:22:38,853 INFO   s2 S1 975000-1000000: 1573357 candidates
2026-09-26 00:23:25,223 INFO   s2 S1 1000000-1025000: 1575412 candidates
2026-09-26 00:24:11,196 INFO   s2 S1 1025000-1050000: 1569154 candidates
2026-09-26 00:24:56,228 INFO   s2 S1 1050000-1075000: 1568668 candidates
2026-09-26 00:25:41,015 INFO   s2 S1 1075000-1100000: 1569643 candidates
2026-09-26 00:26:25,516 INFO   s2 S1 1100000-1125000: 1565109 candidates
2026-09-26 00:27:10,263 INFO   s2 S1 1125000-1150000: 1577750 candidates
2026-09-26 00:27:55,682 INFO   s2 S1 1150000-1175000: 1575522 candidates
2026-09-26 00:28:40,794 INFO   s2 S1 1175000-1200000: 1569171 candidates
2026-09-26 00:29:26,587 INFO   s2 S1 1200000-1225000: 1575380 candidates
2026-09-26 00:30:11,508 INFO   s2 S1 1225000-1250000: 1568277 candidates
2026-09-26 00:30:56,545 INFO   s2 S1 1250000-1275000: 1564202 candidates
2026-09-26 00:31:41,769 INFO   s2 S1 1275000-1300000: 1568458 candidates
2026-09-26 00:32:26,551 INFO   s2 S1 1300000-1325000: 1565234 candidates
2026-09-26 00:33:12,740 INFO   s2 S1 1325000-1350000: 1566385 candidates
2026-09-26 00:33:57,397 INFO   s2 S1 1350000-1375000: 1563835 candidates
2026-09-26 00:34:42,964 INFO   s2 S1 1375000-1400000: 1565471 candidates
2026-09-26 00:35:27,538 INFO   s2 S1 1400000-1425000: 1575888 candidates
2026-09-26 00:36:16,544 INFO   s2 S1 1425000-1450000: 1577018 candidates
2026-09-26 00:37:08,987 INFO   s2 S1 1450000-1475000: 1570452 candidates
2026-09-26 00:38:02,747 INFO   s2 S1 1475000-1500000: 1578580 candidates
2026-09-26 00:38:53,224 INFO   s2 S1 1500000-1525000: 1569735 candidates
2026-09-26 00:39:38,439 INFO   s2 S1 1525000-1550000: 1565635 candidates
2026-09-26 00:40:23,285 INFO   s2 S1 1550000-1575000: 1574449 candidates
2026-09-26 00:41:07,241 INFO   s2 S1 1575000-1600000: 1566121 candidates
2026-09-26 00:41:50,808 INFO   s2 S1 1600000-1625000: 1570219 candidates
2026-09-26 00:42:34,721 INFO   s2 S1 1625000-1650000: 1566190 candidates
2026-09-26 00:43:20,838 INFO   s2 S1 1650000-1675000: 1578626 candidates
2026-09-26 00:44:06,511 INFO   s2 S1 1675000-1700000: 1567546 candidates
2026-09-26 00:44:51,275 INFO   s2 S1 1700000-1725000: 1569937 candidates
2026-09-26 00:45:12,744 INFO   s2 S1 1725000-1732544: 472997 candidates
2026-09-26 00:45:12,745 INFO [test_candidates_features_scores_s2] 3584.1s
2026-09-26 00:45:13,099 INFO [test_load_s3] start
2026-09-26 00:45:23,509 INFO [test_load_s3] 10.4s
2026-09-26 00:45:23,509 INFO [test_normalize_s3] start
2026-09-26 00:47:17,758 INFO [test_normalize_s3] 114.2s
2026-09-26 00:47:17,758 INFO [test_candidates_features_scores_s3] start
2026-09-26 00:54:01,273 INFO   exact_name: 5700928 target keys, 967 skipped (> 100 records)
2026-09-26 00:54:01,384 INFO   exact_address: 3729939 target keys, 0 skipped (> 100 records)
2026-09-26 00:54:01,656 INFO   numeric: 2106453 target keys, 1395 skipped (> 100 records)
2026-09-26 00:54:01,921 INFO   name_prefix: 1054172 target keys, 4048 skipped (> 100 records)
2026-09-26 00:54:02,177 INFO   address_prefix: 3385022 target keys, 293 skipped (> 100 records)
2026-09-26 00:54:02,585 INFO   name_ngram: 191095 target keys, 8052 skipped (> 100 records)
2026-09-26 00:54:02,862 INFO   name_phonetic: 2690841 target keys, 1864 skipped (> 100 records)
2026-09-26 00:54:03,288 INFO   address_token: 358785 target keys, 12723 skipped (> 100 records)
2026-09-26 00:54:03,699 INFO   house_locality: 4265999 target keys, 2024 skipped (> 100 records)
2026-09-26 00:54:04,072 INFO   state_locality: 593686 target keys, 10124 skipped (> 100 records)
2026-09-26 00:54:04,241 INFO   address_signature: 820907 target keys, 698 skipped (> 100 records)
2026-09-26 00:54:56,645 INFO   s3 S1 0-25000: 1606544 candidates
2026-09-26 00:55:43,626 INFO   s3 S1 25000-50000: 1590285 candidates
2026-09-26 00:56:29,202 INFO   s3 S1 50000-75000: 1609185 candidates
2026-09-26 00:57:14,583 INFO   s3 S1 75000-100000: 1602710 candidates
2026-09-26 00:57:58,972 INFO   s3 S1 100000-125000: 1591808 candidates
2026-09-26 00:58:43,834 INFO   s3 S1 125000-150000: 1604038 candidates
2026-09-26 00:59:27,716 INFO   s3 S1 150000-175000: 1592220 candidates
2026-09-26 01:00:12,625 INFO   s3 S1 175000-200000: 1604042 candidates
2026-09-26 01:00:57,517 INFO   s3 S1 200000-225000: 1602205 candidates
2026-09-26 01:01:42,475 INFO   s3 S1 225000-250000: 1600176 candidates
2026-09-26 01:02:27,059 INFO   s3 S1 250000-275000: 1599040 candidates
2026-09-26 01:03:11,029 INFO   s3 S1 275000-300000: 1588716 candidates
2026-09-26 01:03:55,902 INFO   s3 S1 300000-325000: 1602687 candidates
2026-09-26 01:04:40,447 INFO   s3 S1 325000-350000: 1593007 candidates
2026-09-26 01:05:25,004 INFO   s3 S1 350000-375000: 1600313 candidates
2026-09-26 01:06:09,086 INFO   s3 S1 375000-400000: 1586824 candidates
2026-09-26 01:06:53,858 INFO   s3 S1 400000-425000: 1599356 candidates
2026-09-26 01:07:39,196 INFO   s3 S1 425000-450000: 1615885 candidates
2026-09-26 01:08:23,745 INFO   s3 S1 450000-475000: 1602969 candidates
2026-09-26 01:09:08,562 INFO   s3 S1 475000-500000: 1604150 candidates
2026-09-26 01:09:53,127 INFO   s3 S1 500000-525000: 1608718 candidates
2026-09-26 01:10:38,563 INFO   s3 S1 525000-550000: 1596303 candidates
2026-09-26 01:11:24,331 INFO   s3 S1 550000-575000: 1595750 candidates
2026-09-26 01:12:09,649 INFO   s3 S1 575000-600000: 1596335 candidates
2026-09-26 01:12:54,850 INFO   s3 S1 600000-625000: 1602241 candidates
2026-09-26 01:13:40,249 INFO   s3 S1 625000-650000: 1596203 candidates
2026-09-26 01:14:25,312 INFO   s3 S1 650000-675000: 1602574 candidates
2026-09-26 01:15:10,495 INFO   s3 S1 675000-700000: 1598687 candidates
2026-09-26 01:15:56,191 INFO   s3 S1 700000-725000: 1605825 candidates
2026-09-26 01:16:41,633 INFO   s3 S1 725000-750000: 1600907 candidates
2026-09-26 01:17:26,717 INFO   s3 S1 750000-775000: 1602117 candidates
2026-09-26 01:18:12,106 INFO   s3 S1 775000-800000: 1613107 candidates
2026-09-26 01:18:59,450 INFO   s3 S1 800000-825000: 1606328 candidates
2026-09-26 01:19:44,401 INFO   s3 S1 825000-850000: 1597574 candidates
2026-09-26 01:20:28,658 INFO   s3 S1 850000-875000: 1596350 candidates
2026-09-26 01:21:13,233 INFO   s3 S1 875000-900000: 1594543 candidates
2026-09-26 01:21:57,548 INFO   s3 S1 900000-925000: 1591313 candidates
2026-09-26 01:22:42,083 INFO   s3 S1 925000-950000: 1597062 candidates
2026-09-26 01:23:26,658 INFO   s3 S1 950000-975000: 1601329 candidates
2026-09-26 01:24:11,181 INFO   s3 S1 975000-1000000: 1602665 candidates
2026-09-26 01:24:55,430 INFO   s3 S1 1000000-1025000: 1606553 candidates
2026-09-26 01:25:40,069 INFO   s3 S1 1025000-1050000: 1600936 candidates
2026-09-26 01:26:24,746 INFO   s3 S1 1050000-1075000: 1604100 candidates
2026-09-26 01:27:09,201 INFO   s3 S1 1075000-1100000: 1598245 candidates
2026-09-26 01:27:53,385 INFO   s3 S1 1100000-1125000: 1595678 candidates
2026-09-26 01:28:37,941 INFO   s3 S1 1125000-1150000: 1610739 candidates
2026-09-26 01:29:22,468 INFO   s3 S1 1150000-1175000: 1605222 candidates
2026-09-26 01:30:06,677 INFO   s3 S1 1175000-1200000: 1596972 candidates
2026-09-26 01:30:51,417 INFO   s3 S1 1200000-1225000: 1607643 candidates
2026-09-26 01:31:36,061 INFO   s3 S1 1225000-1250000: 1599807 candidates
2026-09-26 01:32:21,403 INFO   s3 S1 1250000-1275000: 1598604 candidates
2026-09-26 01:33:05,779 INFO   s3 S1 1275000-1300000: 1594791 candidates
2026-09-26 01:33:49,751 INFO   s3 S1 1300000-1325000: 1595355 candidates
2026-09-26 01:34:34,067 INFO   s3 S1 1325000-1350000: 1595472 candidates
2026-09-26 01:35:18,564 INFO   s3 S1 1350000-1375000: 1598929 candidates
2026-09-26 01:36:02,421 INFO   s3 S1 1375000-1400000: 1593747 candidates
2026-09-26 01:36:46,843 INFO   s3 S1 1400000-1425000: 1606282 candidates
2026-09-26 01:37:31,347 INFO   s3 S1 1425000-1450000: 1608408 candidates
2026-09-26 01:38:15,129 INFO   s3 S1 1450000-1475000: 1598720 candidates
2026-09-26 01:38:59,446 INFO   s3 S1 1475000-1500000: 1602473 candidates
2026-09-26 01:39:43,520 INFO   s3 S1 1500000-1525000: 1596036 candidates
2026-09-26 01:40:29,722 INFO   s3 S1 1525000-1550000: 1595631 candidates
2026-09-26 01:41:15,773 INFO   s3 S1 1550000-1575000: 1608332 candidates
2026-09-26 01:42:00,985 INFO   s3 S1 1575000-1600000: 1594660 candidates
2026-09-26 01:42:46,357 INFO   s3 S1 1600000-1625000: 1606199 candidates
2026-09-26 01:43:31,337 INFO   s3 S1 1625000-1650000: 1591941 candidates
2026-09-26 01:44:17,484 INFO   s3 S1 1650000-1675000: 1608839 candidates
2026-09-26 01:45:03,882 INFO   s3 S1 1675000-1700000: 1600152 candidates
2026-09-26 01:45:49,473 INFO   s3 S1 1700000-1725000: 1598454 candidates
2026-09-26 01:46:11,539 INFO   s3 S1 1725000-1732544: 484704 candidates
2026-09-26 01:46:11,542 INFO [test_candidates_features_scores_s3] 3533.8s
2026-09-26 01:46:11,860 INFO [test_write_outputs] start
2026-09-26 01:47:25,539 INFO [test_write_outputs] 73.7s
2026-09-26 01:47:25,751 INFO [validator] start
2026-09-26 01:52:52,060 INFO [validator] 326.3s
