2026-09-25 13:25:43,110 INFO experiment p3_locality_cap100, 1000 S1 vs full targets, run 1, rules ['exact_name', 'exact_address', 'numeric', 'name_prefix', 'address_prefix', 'name_ngram', 'name_phonetic', 'address_token', 'house_locality', 'postal_locality', 'state_locality', 'address_signature']
2026-09-25 13:25:43,112 INFO [train_load_s1_gt] start
2026-09-25 13:25:52,358 INFO [train_load_s1_gt] 9.2s
2026-09-25 13:25:52,358 INFO [train_normalize_s1] start
2026-09-25 13:25:53,800 INFO [train_normalize_s1] 1.4s
2026-09-25 13:25:53,826 INFO [train_load_s2] start
2026-09-25 13:26:07,475 INFO [train_load_s2] 13.6s
2026-09-25 13:26:07,475 INFO [train_normalize_s2] start
2026-09-25 13:28:57,041 INFO [train_normalize_s2] 169.6s
2026-09-25 13:28:59,868 INFO [train_candidates_s2] start
2026-09-25 13:28:59,868 INFO [train_index_s2] start
2026-09-25 13:35:36,956 INFO   exact_name: 5151503 target keys, 1400 skipped (> 100 records)
2026-09-25 13:35:37,094 INFO   exact_address: 3695797 target keys, 0 skipped (> 100 records)
2026-09-25 13:35:37,344 INFO   numeric: 2473309 target keys, 540 skipped (> 100 records)
2026-09-25 13:35:37,615 INFO   name_prefix: 1033272 target keys, 3982 skipped (> 100 records)
2026-09-25 13:35:37,886 INFO   address_prefix: 3500417 target keys, 144 skipped (> 100 records)
2026-09-25 13:35:38,263 INFO   name_ngram: 163034 target keys, 7807 skipped (> 100 records)
2026-09-25 13:35:38,521 INFO   name_phonetic: 2507868 target keys, 2213 skipped (> 100 records)
2026-09-25 13:35:38,944 INFO   address_token: 321622 target keys, 12334 skipped (> 100 records)
2026-09-25 13:35:39,333 INFO   house_locality: 4804609 target keys, 168 skipped (> 100 records)
2026-09-25 13:35:39,337 INFO   postal_locality: 34148 target keys, 0 skipped (> 100 records)
2026-09-25 13:35:39,757 INFO   state_locality: 655410 target keys, 12503 skipped (> 100 records)
2026-09-25 13:35:39,907 INFO   address_signature: 921817 target keys, 334 skipped (> 100 records)
2026-09-25 13:35:39,954 INFO [train_index_s2] 400.1s
2026-09-25 13:35:48,737 INFO [train_candidates_s2] 408.9s
2026-09-25 13:35:48,737 INFO s2: recall 0.9465, 65945 pairs, mean 65.9 per S1
2026-09-25 13:35:48,737 INFO [train_features_s2] start
2026-09-25 13:35:58,951 INFO [train_features_s2] 10.2s
2026-09-25 13:35:59,427 INFO [train_load_s3] start
2026-09-25 13:36:09,013 INFO [train_load_s3] 9.6s
2026-09-25 13:36:09,013 INFO [train_normalize_s3] start
2026-09-25 13:38:39,612 INFO [train_normalize_s3] 150.6s
2026-09-25 13:38:41,965 INFO [train_candidates_s3] start
2026-09-25 13:38:41,966 INFO [train_index_s3] start
2026-09-25 13:44:25,727 INFO   exact_name: 5571652 target keys, 1438 skipped (> 100 records)
2026-09-25 13:44:25,842 INFO   exact_address: 3899104 target keys, 0 skipped (> 100 records)
2026-09-25 13:44:26,120 INFO   numeric: 2541045 target keys, 623 skipped (> 100 records)
2026-09-25 13:44:26,385 INFO   name_prefix: 1066910 target keys, 4195 skipped (> 100 records)
2026-09-25 13:44:26,652 INFO   address_prefix: 3620678 target keys, 277 skipped (> 100 records)
2026-09-25 13:44:27,047 INFO   name_ngram: 177902 target keys, 8072 skipped (> 100 records)
2026-09-25 13:44:27,319 INFO   name_phonetic: 2710944 target keys, 2058 skipped (> 100 records)
2026-09-25 13:44:27,758 INFO   address_token: 300191 target keys, 11969 skipped (> 100 records)
2026-09-25 13:44:28,200 INFO   house_locality: 4807648 target keys, 652 skipped (> 100 records)
2026-09-25 13:44:28,203 INFO   postal_locality: 40571 target keys, 0 skipped (> 100 records)
2026-09-25 13:44:28,682 INFO   state_locality: 629584 target keys, 12463 skipped (> 100 records)
2026-09-25 13:44:28,844 INFO   address_signature: 859799 target keys, 599 skipped (> 100 records)
2026-09-25 13:44:28,888 INFO [train_index_s3] 346.9s
2026-09-25 13:44:37,994 INFO [train_candidates_s3] 356.0s
2026-09-25 13:44:37,994 INFO s3: recall 0.9507, 64398 pairs, mean 64.4 per S1
2026-09-25 13:44:37,994 INFO [train_features_s3] start
2026-09-25 13:44:45,995 INFO [train_features_s3] 8.0s
2026-09-25 13:44:47,206 INFO [train_model] start
2026-09-25 13:44:49,868 INFO [train_model] 2.7s
2026-09-25 13:44:49,884 INFO [scoring] start
2026-09-25 13:44:49,969 INFO [scoring] 0.1s
2026-09-25 13:44:50,069 INFO [threshold_sweep] start
2026-09-25 13:44:50,136 INFO [threshold_sweep] 0.1s
2026-09-25 13:44:50,281 INFO [error_analysis] start
2026-09-25 13:45:09,819 INFO [error_analysis] 19.5s
2026-09-25 13:45:09,855 INFO [output] start
2026-09-25 13:45:14,213 INFO [output] 4.4s
2026-09-25 13:45:14,214 INFO [validator] start
2026-09-25 13:45:23,331 INFO [validator] 9.1s
