2026-09-25 04:49:57,244 INFO [10k] s2: load + normalize
2026-09-25 04:59:51,448 INFO   exact_name: 5151503 target keys, 6452 skipped (> 50 records)
2026-09-25 04:59:51,611 INFO   exact_address: 3695797 target keys, 0 skipped (> 50 records)
2026-09-25 04:59:51,947 INFO   numeric: 2473309 target keys, 1533 skipped (> 50 records)
2026-09-25 04:59:52,298 INFO   name_prefix: 1033272 target keys, 9858 skipped (> 50 records)
2026-09-25 04:59:52,620 INFO   address_prefix: 3500417 target keys, 429 skipped (> 50 records)
2026-09-25 04:59:53,032 INFO   name_ngram: 163077 target keys, 17651 skipped (> 50 records)
2026-09-25 04:59:53,322 INFO   name_phonetic: 2507868 target keys, 6900 skipped (> 50 records)
2026-09-25 04:59:53,783 INFO   address_token: 321883 target keys, 21007 skipped (> 50 records)
2026-09-25 05:00:04,839 INFO   cutoff 50: precap recall 0.8961, 237728 pairs, 2.9s
2026-09-25 05:00:05,214 INFO   exact_name: 5151503 target keys, 1400 skipped (> 100 records)
2026-09-25 05:00:05,326 INFO   exact_address: 3695797 target keys, 0 skipped (> 100 records)
2026-09-25 05:00:05,570 INFO   numeric: 2473309 target keys, 540 skipped (> 100 records)
2026-09-25 05:00:05,826 INFO   name_prefix: 1033272 target keys, 3982 skipped (> 100 records)
2026-09-25 05:00:06,075 INFO   address_prefix: 3500417 target keys, 144 skipped (> 100 records)
2026-09-25 05:00:06,463 INFO   name_ngram: 163077 target keys, 7807 skipped (> 100 records)
2026-09-25 05:00:06,728 INFO   name_phonetic: 2507868 target keys, 2213 skipped (> 100 records)
2026-09-25 05:00:07,136 INFO   address_token: 321883 target keys, 12331 skipped (> 100 records)
2026-09-25 05:00:22,931 INFO   cutoff 100: precap recall 0.9252, 577851 pairs, 2.7s
2026-09-25 05:00:23,302 INFO   exact_name: 5151503 target keys, 633 skipped (> 150 records)
2026-09-25 05:00:23,418 INFO   exact_address: 3695797 target keys, 0 skipped (> 150 records)
2026-09-25 05:00:23,668 INFO   numeric: 2473309 target keys, 291 skipped (> 150 records)
2026-09-25 05:00:23,926 INFO   name_prefix: 1033272 target keys, 2232 skipped (> 150 records)
2026-09-25 05:00:24,171 INFO   address_prefix: 3500417 target keys, 67 skipped (> 150 records)
2026-09-25 05:00:24,577 INFO   name_ngram: 163077 target keys, 5303 skipped (> 150 records)
2026-09-25 05:00:24,841 INFO   name_phonetic: 2507868 target keys, 1051 skipped (> 150 records)
2026-09-25 05:00:25,240 INFO   address_token: 321883 target keys, 8851 skipped (> 150 records)
2026-09-25 05:00:44,279 INFO   cutoff 150: precap recall 0.9367, 841714 pairs, 2.8s
2026-09-25 05:00:44,663 INFO   exact_name: 5151503 target keys, 473 skipped (> 250 records)
2026-09-25 05:00:44,790 INFO   exact_address: 3695797 target keys, 0 skipped (> 250 records)
2026-09-25 05:00:45,026 INFO   numeric: 2473309 target keys, 120 skipped (> 250 records)
2026-09-25 05:00:45,292 INFO   name_prefix: 1033272 target keys, 1003 skipped (> 250 records)
2026-09-25 05:00:45,547 INFO   address_prefix: 3500417 target keys, 28 skipped (> 250 records)
2026-09-25 05:00:45,903 INFO   name_ngram: 163077 target keys, 3811 skipped (> 250 records)
2026-09-25 05:00:46,152 INFO   name_phonetic: 2507868 target keys, 443 skipped (> 250 records)
2026-09-25 05:00:46,557 INFO   address_token: 321883 target keys, 5708 skipped (> 250 records)
2026-09-25 05:01:14,041 INFO   cutoff 250: precap recall 0.9494, 1352223 pairs, 3.4s
2026-09-25 05:01:14,343 INFO   exact_name: 5151503 target keys, 18 skipped (> 500 records)
2026-09-25 05:01:14,462 INFO   exact_address: 3695797 target keys, 0 skipped (> 500 records)
2026-09-25 05:01:14,695 INFO   numeric: 2473309 target keys, 37 skipped (> 500 records)
2026-09-25 05:01:14,936 INFO   name_prefix: 1033272 target keys, 421 skipped (> 500 records)
2026-09-25 05:01:15,132 INFO   address_prefix: 3500417 target keys, 1 skipped (> 500 records)
2026-09-25 05:01:15,506 INFO   name_ngram: 163077 target keys, 2669 skipped (> 500 records)
2026-09-25 05:01:15,734 INFO   name_phonetic: 2507868 target keys, 28 skipped (> 500 records)
2026-09-25 05:01:16,136 INFO   address_token: 321883 target keys, 2878 skipped (> 500 records)
2026-09-25 05:02:03,416 INFO   cutoff 500: precap recall 0.9644, 2689516 pairs, 4.2s
2026-09-25 05:02:18,225 INFO   name_phonetic_token: 86986 target keys, 5764 skipped (> 100 records)
2026-09-25 05:02:29,070 INFO   house_locality: 4804708 target keys, 168 skipped (> 100 records)
2026-09-25 05:02:40,433 INFO   postal_locality: 34148 target keys, 0 skipped (> 100 records)
2026-09-25 05:02:50,948 INFO   state_locality: 655660 target keys, 12505 skipped (> 100 records)
2026-09-25 05:03:03,697 INFO   address_signature: 921817 target keys, 334 skipped (> 100 records)
2026-09-25 05:03:14,429 INFO   house_locality: 4804708 target keys, 168 skipped (> 100 records)
2026-09-25 05:03:14,434 INFO   postal_locality: 34148 target keys, 0 skipped (> 100 records)
2026-09-25 05:03:14,873 INFO   state_locality: 655660 target keys, 12505 skipped (> 100 records)
2026-09-25 05:03:15,023 INFO   address_signature: 921817 target keys, 334 skipped (> 100 records)
2026-09-25 05:03:29,535 INFO   name_phonetic_token: 86986 target keys, 5764 skipped (> 100 records)
2026-09-25 05:03:29,934 INFO   house_locality: 4804708 target keys, 168 skipped (> 100 records)
2026-09-25 05:03:29,938 INFO   postal_locality: 34148 target keys, 0 skipped (> 100 records)
2026-09-25 05:03:30,368 INFO   state_locality: 655660 target keys, 12505 skipped (> 100 records)
2026-09-25 05:03:30,518 INFO   address_signature: 921817 target keys, 334 skipped (> 100 records)
2026-09-25 05:04:25,363 INFO [10k] s3: load + normalize
2026-09-25 05:14:12,834 INFO   exact_name: 5571652 target keys, 6168 skipped (> 50 records)
2026-09-25 05:14:13,043 INFO   exact_address: 3899104 target keys, 14 skipped (> 50 records)
2026-09-25 05:14:13,283 INFO   numeric: 2541045 target keys, 1819 skipped (> 50 records)
2026-09-25 05:14:13,573 INFO   name_prefix: 1066910 target keys, 11085 skipped (> 50 records)
2026-09-25 05:14:13,847 INFO   address_prefix: 3620678 target keys, 711 skipped (> 50 records)
2026-09-25 05:14:14,261 INFO   name_ngram: 177929 target keys, 19517 skipped (> 50 records)
2026-09-25 05:14:14,533 INFO   name_phonetic: 2710944 target keys, 6944 skipped (> 50 records)
2026-09-25 05:14:14,953 INFO   address_token: 300493 target keys, 20241 skipped (> 50 records)
2026-09-25 05:14:26,748 INFO   cutoff 50: precap recall 0.8963, 244832 pairs, 2.5s
2026-09-25 05:14:27,182 INFO   exact_name: 5571652 target keys, 1438 skipped (> 100 records)
2026-09-25 05:14:27,300 INFO   exact_address: 3899104 target keys, 0 skipped (> 100 records)
2026-09-25 05:14:27,565 INFO   numeric: 2541045 target keys, 623 skipped (> 100 records)
2026-09-25 05:14:27,819 INFO   name_prefix: 1066910 target keys, 4195 skipped (> 100 records)
2026-09-25 05:14:28,076 INFO   address_prefix: 3620678 target keys, 277 skipped (> 100 records)
2026-09-25 05:14:28,455 INFO   name_ngram: 177929 target keys, 8072 skipped (> 100 records)
2026-09-25 05:14:28,719 INFO   name_phonetic: 2710944 target keys, 2058 skipped (> 100 records)
2026-09-25 05:14:29,165 INFO   address_token: 300493 target keys, 11968 skipped (> 100 records)
2026-09-25 05:14:45,219 INFO   cutoff 100: precap recall 0.9267, 550573 pairs, 2.8s
2026-09-25 05:14:45,613 INFO   exact_name: 5571652 target keys, 652 skipped (> 150 records)
2026-09-25 05:14:45,733 INFO   exact_address: 3899104 target keys, 0 skipped (> 150 records)
2026-09-25 05:14:45,981 INFO   numeric: 2541045 target keys, 329 skipped (> 150 records)
2026-09-25 05:14:46,244 INFO   name_prefix: 1066910 target keys, 2315 skipped (> 150 records)
2026-09-25 05:14:46,493 INFO   address_prefix: 3620678 target keys, 146 skipped (> 150 records)
2026-09-25 05:14:46,877 INFO   name_ngram: 177929 target keys, 5456 skipped (> 150 records)
2026-09-25 05:14:47,143 INFO   name_phonetic: 2710944 target keys, 1036 skipped (> 150 records)
2026-09-25 05:14:47,529 INFO   address_token: 300493 target keys, 8724 skipped (> 150 records)
2026-09-25 05:15:07,741 INFO   cutoff 150: precap recall 0.9371, 812024 pairs, 2.9s
2026-09-25 05:15:08,108 INFO   exact_name: 5571652 target keys, 484 skipped (> 250 records)
2026-09-25 05:15:08,224 INFO   exact_address: 3899104 target keys, 0 skipped (> 250 records)
2026-09-25 05:15:08,463 INFO   numeric: 2541045 target keys, 130 skipped (> 250 records)
2026-09-25 05:15:08,723 INFO   name_prefix: 1066910 target keys, 1081 skipped (> 250 records)
2026-09-25 05:15:08,968 INFO   address_prefix: 3620678 target keys, 70 skipped (> 250 records)
2026-09-25 05:15:09,348 INFO   name_ngram: 177929 target keys, 3786 skipped (> 250 records)
2026-09-25 05:15:09,597 INFO   name_phonetic: 2710944 target keys, 453 skipped (> 250 records)
2026-09-25 05:15:10,002 INFO   address_token: 300493 target keys, 5688 skipped (> 250 records)
2026-09-25 05:15:37,980 INFO   cutoff 250: precap recall 0.9475, 1305819 pairs, 3.2s
2026-09-25 05:15:38,291 INFO   exact_name: 5571652 target keys, 23 skipped (> 500 records)
2026-09-25 05:15:38,407 INFO   exact_address: 3899104 target keys, 0 skipped (> 500 records)
2026-09-25 05:15:38,637 INFO   numeric: 2541045 target keys, 32 skipped (> 500 records)
2026-09-25 05:15:38,878 INFO   name_prefix: 1066910 target keys, 443 skipped (> 500 records)
2026-09-25 05:15:39,081 INFO   address_prefix: 3620678 target keys, 15 skipped (> 500 records)
2026-09-25 05:15:39,457 INFO   name_ngram: 177929 target keys, 2601 skipped (> 500 records)
2026-09-25 05:15:39,711 INFO   name_phonetic: 2710944 target keys, 36 skipped (> 500 records)
2026-09-25 05:15:40,130 INFO   address_token: 300493 target keys, 2943 skipped (> 500 records)
2026-09-25 05:16:28,468 INFO   cutoff 500: precap recall 0.9628, 2668656 pairs, 4.2s
2026-09-25 05:16:43,629 INFO   name_phonetic_token: 100321 target keys, 6173 skipped (> 100 records)
2026-09-25 05:16:54,160 INFO   house_locality: 4807765 target keys, 652 skipped (> 100 records)
2026-09-25 05:17:05,264 INFO   postal_locality: 40572 target keys, 0 skipped (> 100 records)
2026-09-25 05:17:15,302 INFO   state_locality: 629871 target keys, 12460 skipped (> 100 records)
2026-09-25 05:17:27,904 INFO   address_signature: 859799 target keys, 599 skipped (> 100 records)
2026-09-25 05:17:38,212 INFO   house_locality: 4807765 target keys, 652 skipped (> 100 records)
2026-09-25 05:17:38,217 INFO   postal_locality: 40572 target keys, 0 skipped (> 100 records)
2026-09-25 05:17:38,666 INFO   state_locality: 629871 target keys, 12460 skipped (> 100 records)
2026-09-25 05:17:38,812 INFO   address_signature: 859799 target keys, 599 skipped (> 100 records)
2026-09-25 05:17:53,395 INFO   name_phonetic_token: 100321 target keys, 6173 skipped (> 100 records)
2026-09-25 05:17:53,809 INFO   house_locality: 4807765 target keys, 652 skipped (> 100 records)
2026-09-25 05:17:53,813 INFO   postal_locality: 40572 target keys, 0 skipped (> 100 records)
2026-09-25 05:17:54,264 INFO   state_locality: 629871 target keys, 12460 skipped (> 100 records)
2026-09-25 05:17:54,419 INFO   address_signature: 859799 target keys, 599 skipped (> 100 records)
2026-09-25 05:18:50,410 INFO [10k] done in 1744s
