2026-09-25 05:55:20,282 INFO   exact_name: 5151503 target keys, 1400 skipped (> 100 records)
2026-09-25 05:55:20,429 INFO   exact_address: 3695797 target keys, 0 skipped (> 100 records)
2026-09-25 05:55:20,725 INFO   numeric: 2473309 target keys, 540 skipped (> 100 records)
2026-09-25 05:55:21,044 INFO   name_prefix: 1033272 target keys, 3982 skipped (> 100 records)
2026-09-25 05:55:21,353 INFO   address_prefix: 3500417 target keys, 144 skipped (> 100 records)
2026-09-25 05:55:21,733 INFO   name_ngram: 163077 target keys, 7807 skipped (> 100 records)
2026-09-25 05:55:21,996 INFO   name_phonetic: 2507868 target keys, 2213 skipped (> 100 records)
2026-09-25 05:55:22,410 INFO   address_token: 321883 target keys, 12331 skipped (> 100 records)
2026-09-25 05:55:22,795 INFO   house_locality: 4804708 target keys, 168 skipped (> 100 records)
2026-09-25 05:55:23,235 INFO   state_locality: 655660 target keys, 12505 skipped (> 100 records)
2026-09-25 05:55:23,394 INFO   address_signature: 921817 target keys, 334 skipped (> 100 records)
2026-09-25 05:55:35,441 INFO   s2 cutoff 100: precap 0.9538, cap100 0.9526
2026-09-25 05:55:35,822 INFO   exact_name: 5151503 target keys, 633 skipped (> 150 records)
2026-09-25 05:55:35,937 INFO   exact_address: 3695797 target keys, 0 skipped (> 150 records)
2026-09-25 05:55:36,171 INFO   numeric: 2473309 target keys, 291 skipped (> 150 records)
2026-09-25 05:55:36,427 INFO   name_prefix: 1033272 target keys, 2232 skipped (> 150 records)
2026-09-25 05:55:36,673 INFO   address_prefix: 3500417 target keys, 67 skipped (> 150 records)
2026-09-25 05:55:37,044 INFO   name_ngram: 163077 target keys, 5303 skipped (> 150 records)
2026-09-25 05:55:37,301 INFO   name_phonetic: 2507868 target keys, 1051 skipped (> 150 records)
2026-09-25 05:55:37,716 INFO   address_token: 321883 target keys, 8851 skipped (> 150 records)
2026-09-25 05:55:38,081 INFO   house_locality: 4804708 target keys, 62 skipped (> 150 records)
2026-09-25 05:55:38,490 INFO   state_locality: 655660 target keys, 8107 skipped (> 150 records)
2026-09-25 05:55:38,656 INFO   address_signature: 921817 target keys, 192 skipped (> 150 records)
2026-09-25 05:55:54,250 INFO   s2 cutoff 150: precap 0.9614, cap100 0.9558
2026-09-25 06:03:05,729 INFO   exact_name: 5571652 target keys, 1438 skipped (> 100 records)
2026-09-25 06:03:05,854 INFO   exact_address: 3899104 target keys, 0 skipped (> 100 records)
2026-09-25 06:03:06,129 INFO   numeric: 2541045 target keys, 623 skipped (> 100 records)
2026-09-25 06:03:06,426 INFO   name_prefix: 1066910 target keys, 4195 skipped (> 100 records)
2026-09-25 06:03:06,695 INFO   address_prefix: 3620678 target keys, 277 skipped (> 100 records)
2026-09-25 06:03:07,089 INFO   name_ngram: 177929 target keys, 8072 skipped (> 100 records)
2026-09-25 06:03:07,360 INFO   name_phonetic: 2710944 target keys, 2058 skipped (> 100 records)
2026-09-25 06:03:07,773 INFO   address_token: 300493 target keys, 11968 skipped (> 100 records)
2026-09-25 06:03:08,181 INFO   house_locality: 4807765 target keys, 652 skipped (> 100 records)
2026-09-25 06:03:08,649 INFO   state_locality: 629871 target keys, 12460 skipped (> 100 records)
2026-09-25 06:03:08,800 INFO   address_signature: 859799 target keys, 599 skipped (> 100 records)
2026-09-25 06:03:20,523 INFO   s3 cutoff 100: precap 0.9551, cap100 0.9530
2026-09-25 06:03:20,923 INFO   exact_name: 5571652 target keys, 652 skipped (> 150 records)
2026-09-25 06:03:21,039 INFO   exact_address: 3899104 target keys, 0 skipped (> 150 records)
2026-09-25 06:03:21,286 INFO   numeric: 2541045 target keys, 329 skipped (> 150 records)
2026-09-25 06:03:21,545 INFO   name_prefix: 1066910 target keys, 2315 skipped (> 150 records)
2026-09-25 06:03:21,804 INFO   address_prefix: 3620678 target keys, 146 skipped (> 150 records)
2026-09-25 06:03:22,187 INFO   name_ngram: 177929 target keys, 5456 skipped (> 150 records)
2026-09-25 06:03:22,459 INFO   name_phonetic: 2710944 target keys, 1036 skipped (> 150 records)
2026-09-25 06:03:22,862 INFO   address_token: 300493 target keys, 8724 skipped (> 150 records)
2026-09-25 06:03:23,271 INFO   house_locality: 4807765 target keys, 310 skipped (> 150 records)
2026-09-25 06:03:23,688 INFO   state_locality: 629871 target keys, 8238 skipped (> 150 records)
2026-09-25 06:03:23,844 INFO   address_signature: 859799 target keys, 394 skipped (> 150 records)
2026-09-25 06:03:39,539 INFO   s3 cutoff 150: precap 0.9621, cap100 0.9554
