2026-09-25 05:33:56,698 INFO Phase 2 mode=dev until=model
2026-09-25 05:33:56,700 INFO [train_load_s1_gt] start
2026-09-25 05:34:05,282 INFO [train_load_s1_gt] 8.6s
2026-09-25 05:34:05,283 INFO [train_normalize_s1] start
2026-09-25 05:34:12,078 INFO [train_normalize_s1] 6.8s
2026-09-25 05:34:12,792 INFO [train_load_s2] start
2026-09-25 05:34:24,035 INFO [train_load_s2] 11.2s
2026-09-25 05:34:24,037 INFO [train_normalize_s2] start
2026-09-25 05:36:26,866 INFO [train_normalize_s2] 122.8s
2026-09-25 05:36:29,285 INFO [train_candidates_s2] start
2026-09-25 05:39:34,707 INFO   exact_name: 5151503 target keys, 1400 skipped (> 100 records)
2026-09-25 05:39:34,827 INFO   exact_address: 3695797 target keys, 0 skipped (> 100 records)
2026-09-25 05:39:35,066 INFO   numeric: 2473309 target keys, 540 skipped (> 100 records)
2026-09-25 05:39:35,347 INFO   name_prefix: 1033272 target keys, 3982 skipped (> 100 records)
2026-09-25 05:39:35,608 INFO   address_prefix: 3500417 target keys, 144 skipped (> 100 records)
2026-09-25 05:39:36,005 INFO   name_ngram: 163239 target keys, 7807 skipped (> 100 records)
2026-09-25 05:39:36,272 INFO   name_phonetic: 2507868 target keys, 2213 skipped (> 100 records)
2026-09-25 05:39:36,687 INFO   address_token: 322995 target keys, 12331 skipped (> 100 records)
2026-09-25 05:39:51,611 INFO [train_candidates_s2] 202.3s
2026-09-25 05:39:51,612 INFO s2: recall 0.9130, 1905924 pairs, mean 38.1 per S1
2026-09-25 05:39:51,612 INFO [train_features_s2] start
2026-09-25 05:40:20,246 INFO [train_features_s2] 28.6s
2026-09-25 05:40:22,662 INFO [train_load_s3] start
2026-09-25 05:40:32,413 INFO [train_load_s3] 9.8s
2026-09-25 05:40:32,414 INFO [train_normalize_s3] start
2026-09-25 05:42:30,445 INFO [train_normalize_s3] 118.0s
2026-09-25 05:42:32,922 INFO [train_candidates_s3] start
2026-09-25 05:45:45,004 INFO   exact_name: 5571652 target keys, 1438 skipped (> 100 records)
2026-09-25 05:45:45,127 INFO   exact_address: 3899104 target keys, 0 skipped (> 100 records)
2026-09-25 05:45:45,386 INFO   numeric: 2541045 target keys, 623 skipped (> 100 records)
2026-09-25 05:45:45,681 INFO   name_prefix: 1066910 target keys, 4195 skipped (> 100 records)
2026-09-25 05:45:45,952 INFO   address_prefix: 3620678 target keys, 277 skipped (> 100 records)
2026-09-25 05:45:46,376 INFO   name_ngram: 178079 target keys, 8072 skipped (> 100 records)
2026-09-25 05:45:46,660 INFO   name_phonetic: 2710944 target keys, 2058 skipped (> 100 records)
2026-09-25 05:45:47,108 INFO   address_token: 301713 target keys, 11968 skipped (> 100 records)
2026-09-25 05:46:05,843 INFO [train_candidates_s3] 212.9s
2026-09-25 05:46:05,844 INFO s3: recall 0.9120, 1880429 pairs, mean 37.6 per S1
2026-09-25 05:46:05,844 INFO [train_features_s3] start
2026-09-25 05:46:42,318 INFO [train_features_s3] 36.5s
2026-09-25 05:47:11,407 INFO [train_model] start
2026-09-25 05:47:18,467 INFO [train_model] 7.1s
2026-09-25 05:47:20,767 INFO [threshold_sweep] start
2026-09-25 05:47:21,280 INFO [threshold_sweep] 0.5s
2026-09-25 05:47:23,949 INFO [error_analysis] start
2026-09-25 05:47:51,117 INFO [error_analysis] 27.2s
